
Lenovo@AKSHETISHEREDESKTOP MINGW64 /e/2023_project/Sorting
$ git
usage: git [--version] [--help] [-C <path>] [-c <name>=<value>]
           [--exec-path[=<path>]] [--html-path] [--man-path] [--info-path]
           [-p | --paginate | -P | --no-pager] [--no-replace-objects] [--bare]
           [--git-dir=<path>] [--work-tree=<path>] [--namespace=<name>]
           <command> [<args>]

These are common Git commands used in various situations:

start a working area (see also: git help tutorial)
   clone             Clone a repository into a new directory
   init              Create an empty Git repository or reinitialize an existing one

work on the current change (see also: git help everyday)
   add               Add file contents to the index
   mv                Move or rename a file, a directory, or a symlink
   restore           Restore working tree files
   rm                Remove files from the working tree and from the index
   sparse-checkout   Initialize and modify the sparse-checkout

examine the history and state (see also: git help revisions)
   bisect            Use binary search to find the commit that introduced a bug
   diff              Show changes between commits, commit and working tree, etc
   grep              Print lines matching a pattern
   log               Show commit logs
   show              Show various types of objects
   status            Show the working tree status

grow, mark and tweak your common history
   branch            List, create, or delete branches
   commit            Record changes to the repository
   merge             Join two or more development histories together
   rebase            Reapply commits on top of another base tip
   reset             Reset current HEAD to the specified state
   switch            Switch branches
   tag               Create, list, delete or verify a tag object signed with GPG

collaborate (see also: git help workflows)
   fetch             Download objects and refs from another repository
   pull              Fetch from and integrate with another repository or a local branch
   push              Update remote refs along with associated objects

'git help -a' and 'git help -g' list available subcommands and some
concept guides. See 'git help <command>' or 'git help <concept>'
to read about a specific subcommand or concept.
See 'git help git' for an overview of the system.

Lenovo@AKSHETISHEREDESKTOP MINGW64 /e/2023_project/Sorting
$ git init
Initialized empty Git repository in E:/2023_project/Sorting/.git/

Lenovo@AKSHETISHEREDESKTOP MINGW64 /e/2023_project/Sorting (master)
$ git status
On branch master

No commits yet

Untracked files:
  (use "git add <file>..." to include in what will be committed)
        .idea/
        Sorting.iml
        src/

nothing added to commit but untracked files present (use "git add" to track)

Lenovo@AKSHETISHEREDESKTOP MINGW64 /e/2023_project/Sorting (master)
$ git -v
unknown option: -v
usage: git [--version] [--help] [-C <path>] [-c <name>=<value>]
           [--exec-path[=<path>]] [--html-path] [--man-path] [--info-path]
           [-p | --paginate | -P | --no-pager] [--no-replace-objects] [--bare]
           [--git-dir=<path>] [--work-tree=<path>] [--namespace=<name>]
           <command> [<args>]

Lenovo@AKSHETISHEREDESKTOP MINGW64 /e/2023_project/Sorting (master)
$ git --v
unknown option: --v
usage: git [--version] [--help] [-C <path>] [-c <name>=<value>]
           [--exec-path[=<path>]] [--html-path] [--man-path] [--info-path]
           [-p | --paginate | -P | --no-pager] [--no-replace-objects] [--bare]
           [--git-dir=<path>] [--work-tree=<path>] [--namespace=<name>]
           <command> [<args>]

Lenovo@AKSHETISHEREDESKTOP MINGW64 /e/2023_project/Sorting (master)
$ git remote -v

Lenovo@AKSHETISHEREDESKTOP MINGW64 /e/2023_project/Sorting (master)
$ git remote add origin https://github.com/akshetpatial/Sorting.git

Lenovo@AKSHETISHEREDESKTOP MINGW64 /e/2023_project/Sorting (master)
$ git remote -v
origin  https://github.com/akshetpatial/Sorting.git (fetch)
origin  https://github.com/akshetpatial/Sorting.git (push)

Lenovo@AKSHETISHEREDESKTOP MINGW64 /e/2023_project/Sorting (master)
$ git fetch origin master
fatal: couldn't find remote ref master

Lenovo@AKSHETISHEREDESKTOP MINGW64 /e/2023_project/Sorting (master)
$ git fetch origin main
remote: Enumerating objects: 3, done.
remote: Counting objects: 100% (3/3), done.
remote: Total 3 (delta 0), reused 0 (delta 0), pack-reused 0
Unpacking objects: 100% (3/3), 614 bytes | 4.00 KiB/s, done.
From https://github.com/akshetpatial/Sorting
 * branch            main       -> FETCH_HEAD
 * [new branch]      main       -> origin/main

Lenovo@AKSHETISHEREDESKTOP MINGW64 /e/2023_project/Sorting (master)
$ git status
On branch master

No commits yet

Untracked files:
  (use "git add <file>..." to include in what will be committed)
        .idea/
        Sorting.iml
        src/

nothing added to commit but untracked files present (use "git add" to track)

Lenovo@AKSHETISHEREDESKTOP MINGW64 /e/2023_project/Sorting (master)
$ git log -4 --all --graph
* commit d3a91f09d73e3b43ca02f75a36254ac0e50c0c31 (origin/main)
  Author: AKSHET PATIAL <44276149+akshetpatial@users.noreply.github.com>
  Date:   Sat Mar 18 02:41:30 2023 +0530

      Initial commit

Lenovo@AKSHETISHEREDESKTOP MINGW64 /e/2023_project/Sorting (master)
$ git merge origin/master
merge: origin/master - not something we can merge

Lenovo@AKSHETISHEREDESKTOP MINGW64 /e/2023_project/Sorting (master)
$ git merge origin/main

Lenovo@AKSHETISHEREDESKTOP MINGW64 /e/2023_project/Sorting (master)
$ git add .

Lenovo@AKSHETISHEREDESKTOP MINGW64 /e/2023_project/Sorting (master)
$ git log -4 --all --graph
* commit d3a91f09d73e3b43ca02f75a36254ac0e50c0c31 (HEAD -> master, origin/main)
  Author: AKSHET PATIAL <44276149+akshetpatial@users.noreply.github.com>
  Date:   Sat Mar 18 02:41:30 2023 +0530

      Initial commit

Lenovo@AKSHETISHEREDESKTOP MINGW64 /e/2023_project/Sorting (master)
$ git status
On branch master
Changes to be committed:
  (use "git restore --staged <file>..." to unstage)
        new file:   .idea/.gitignore
        new file:   .idea/misc.xml
        new file:   .idea/modules.xml
        new file:   Sorting.iml
        new file:   src/BubbleSort.java


Lenovo@AKSHETISHEREDESKTOP MINGW64 /e/2023_project/Sorting (master)
$ git commit -m "Created the Directory Sorting and initialize the remote directory"
[master 6240bb8] Created the Directory Sorting and initialize the remote directory
 5 files changed, 32 insertions(+)
 create mode 100644 .idea/.gitignore
 create mode 100644 .idea/misc.xml
 create mode 100644 .idea/modules.xml
 create mode 100644 Sorting.iml
 create mode 100644 src/BubbleSort.java

Lenovo@AKSHETISHEREDESKTOP MINGW64 /e/2023_project/Sorting (master)
$ git status
On branch master
nothing to commit, working tree clean

Lenovo@AKSHETISHEREDESKTOP MINGW64 /e/2023_project/Sorting (master)
$ git log -4 --all --graph
* commit 6240bb8e304cf1c6d1970657a631a45ec6d93398 (HEAD -> master)
| Author: AKSHET PATIAL <akshet.patial@gmail.com>
| Date:   Sat Mar 18 02:48:54 2023 +0530
|
|     Created the Directory Sorting and initialize the remote directory
|
* commit d3a91f09d73e3b43ca02f75a36254ac0e50c0c31 (origin/main)
  Author: AKSHET PATIAL <44276149+akshetpatial@users.noreply.github.com>
  Date:   Sat Mar 18 02:41:30 2023 +0530

      Initial commit

Lenovo@AKSHETISHEREDESKTOP MINGW64 /e/2023_project/Sorting (master)
$ git push origin master
Enumerating objects: 10, done.
Counting objects: 100% (10/10), done.
Delta compression using up to 2 threads
Compressing objects: 100% (6/6), done.
Writing objects: 100% (9/9), 1.24 KiB | 422.00 KiB/s, done.
Total 9 (delta 0), reused 0 (delta 0), pack-reused 0
remote:
remote: Create a pull request for 'master' on GitHub by visiting:
remote:      https://github.com/akshetpatial/Sorting/pull/new/master
remote:
To https://github.com/akshetpatial/Sorting.git
 * [new branch]      master -> master

Lenovo@AKSHETISHEREDESKTOP MINGW64 /e/2023_project/Sorting (master)
$ touch commands.txt

Lenovo@AKSHETISHEREDESKTOP MINGW64 /e/2023_project/Sorting (master)
$ git status
On branch master
Untracked files:
  (use "git add <file>..." to include in what will be committed)
        commands.txt

nothing added to commit but untracked files present (use "git add" to track)

Lenovo@AKSHETISHEREDESKTOP MINGW64 /e/2023_project/Sorting (master)
$ git add .

Lenovo@AKSHETISHEREDESKTOP MINGW64 /e/2023_project/Sorting (master)
$ git status
On branch master
Changes to be committed:
  (use "git restore --staged <file>..." to unstage)
        new file:   commands.txt


Lenovo@AKSHETISHEREDESKTOP MINGW64 /e/2023_project/Sorting (master)
$ git commit -m "Created the file commands.txt"
[master c2e2d56] Created the file commands.txt
 1 file changed, 0 insertions(+), 0 deletions(-)
 create mode 100644 commands.txt

Lenovo@AKSHETISHEREDESKTOP MINGW64 /e/2023_project/Sorting (master)
$ git status
On branch master
nothing to commit, working tree clean

Lenovo@AKSHETISHEREDESKTOP MINGW64 /e/2023_project/Sorting (master)
$ git log -4 --all --graph
* commit c2e2d56452861d6ed29f994b616327e7a32707ff (HEAD -> master)
| Author: AKSHET PATIAL <akshet.patial@gmail.com>
| Date:   Sat Mar 18 02:50:03 2023 +0530
|
|     Created the file commands.txt
|
* commit 6240bb8e304cf1c6d1970657a631a45ec6d93398 (origin/master)
| Author: AKSHET PATIAL <akshet.patial@gmail.com>
| Date:   Sat Mar 18 02:48:54 2023 +0530
|
|     Created the Directory Sorting and initialize the remote directory
|
* commit d3a91f09d73e3b43ca02f75a36254ac0e50c0c31 (origin/main)
  Author: AKSHET PATIAL <44276149+akshetpatial@users.noreply.github.com>
  Date:   Sat Mar 18 02:41:30 2023 +0530

      Initial commit

Lenovo@AKSHETISHEREDESKTOP MINGW64 /e/2023_project/Sorting (master)
$ git log -4 --all --graph
* commit c2e2d56452861d6ed29f994b616327e7a32707ff (HEAD -> master)
| Author: AKSHET PATIAL <akshet.patial@gmail.com>
| Date:   Sat Mar 18 02:50:03 2023 +0530
|
|     Created the file commands.txt
|
* commit 6240bb8e304cf1c6d1970657a631a45ec6d93398 (origin/master)
| Author: AKSHET PATIAL <akshet.patial@gmail.com>
| Date:   Sat Mar 18 02:48:54 2023 +0530
|
|     Created the Directory Sorting and initialize the remote directory
|
* commit d3a91f09d73e3b43ca02f75a36254ac0e50c0c31 (origin/main)
  Author: AKSHET PATIAL <44276149+akshetpatial@users.noreply.github.com>
  Date:   Sat Mar 18 02:41:30 2023 +0530

      Initial commit

Lenovo@AKSHETISHEREDESKTOP MINGW64 /e/2023_project/Sorting (master)
$ git push origin master
Enumerating objects: 4, done.
Counting objects: 100% (4/4), done.
Delta compression using up to 2 threads
Compressing objects: 100% (2/2), done.
Writing objects: 100% (3/3), 303 bytes | 303.00 KiB/s, done.
Total 3 (delta 1), reused 0 (delta 0), pack-reused 0
remote: Resolving deltas: 100% (1/1), completed with 1 local object.
To https://github.com/akshetpatial/Sorting.git
   6240bb8..c2e2d56  master -> master

Lenovo@AKSHETISHEREDESKTOP MINGW64 /e/2023_project/Sorting (master)
$ git log -4 --all --graph
* commit c2e2d56452861d6ed29f994b616327e7a32707ff (HEAD -> master, origin/master)
| Author: AKSHET PATIAL <akshet.patial@gmail.com>
| Date:   Sat Mar 18 02:50:03 2023 +0530
|
|     Created the file commands.txt
|
* commit 6240bb8e304cf1c6d1970657a631a45ec6d93398
| Author: AKSHET PATIAL <akshet.patial@gmail.com>
| Date:   Sat Mar 18 02:48:54 2023 +0530
|
|     Created the Directory Sorting and initialize the remote directory
|
* commit d3a91f09d73e3b43ca02f75a36254ac0e50c0c31 (origin/main)
  Author: AKSHET PATIAL <44276149+akshetpatial@users.noreply.github.com>
  Date:   Sat Mar 18 02:41:30 2023 +0530

      Initial commit

Lenovo@AKSHETISHEREDESKTOP MINGW64 /e/2023_project/Sorting (master)
$ git log -4 --all --graph
* commit c2e2d56452861d6ed29f994b616327e7a32707ff (HEAD -> master, origin/master)
| Author: AKSHET PATIAL <akshet.patial@gmail.com>
| Date:   Sat Mar 18 02:50:03 2023 +0530
|
|     Created the file commands.txt
|
* commit 6240bb8e304cf1c6d1970657a631a45ec6d93398
| Author: AKSHET PATIAL <akshet.patial@gmail.com>
| Date:   Sat Mar 18 02:48:54 2023 +0530
|
|     Created the Directory Sorting and initialize the remote directory
|
* commit d3a91f09d73e3b43ca02f75a36254ac0e50c0c31 (origin/main)
  Author: AKSHET PATIAL <44276149+akshetpatial@users.noreply.github.com>
  Date:   Sat Mar 18 02:41:30 2023 +0530

      Initial commit

Lenovo@AKSHETISHEREDESKTOP MINGW64 /e/2023_project/Sorting (master)
$ git pull origin master
From https://github.com/akshetpatial/Sorting
 * branch            master     -> FETCH_HEAD
Already up to date.

Lenovo@AKSHETISHEREDESKTOP MINGW64 /e/2023_project/Sorting (master)
$ git log -4 --all --graph
* commit c2e2d56452861d6ed29f994b616327e7a32707ff (HEAD -> master, origin/master)
| Author: AKSHET PATIAL <akshet.patial@gmail.com>
| Date:   Sat Mar 18 02:50:03 2023 +0530
|
|     Created the file commands.txt
|
* commit 6240bb8e304cf1c6d1970657a631a45ec6d93398
| Author: AKSHET PATIAL <akshet.patial@gmail.com>
| Date:   Sat Mar 18 02:48:54 2023 +0530
|
|     Created the Directory Sorting and initialize the remote directory
|
* commit d3a91f09d73e3b43ca02f75a36254ac0e50c0c31 (origin/main)
  Author: AKSHET PATIAL <44276149+akshetpatial@users.noreply.github.com>
  Date:   Sat Mar 18 02:41:30 2023 +0530

      Initial commit


Lenovo@AKSHETISHEREDESKTOP MINGW64 /e/2023_project/Sorting (master)
$ git status
On branch master
Changes to be committed:
  (use "git restore --staged <file>..." to unstage)
        new file:   .idea/vcs.xml

Changes not staged for commit:
  (use "git add <file>..." to update what will be committed)
  (use "git restore <file>..." to discard changes in working directory)
        modified:   src/BubbleSort.java

Untracked files:
  (use "git add <file>..." to include in what will be committed)
        Bubble sort.pdf
        out/


Lenovo@AKSHETISHEREDESKTOP MINGW64 /e/2023_project/Sorting (master)
$ git add Bubble\ sort.pdf

Lenovo@AKSHETISHEREDESKTOP MINGW64 /e/2023_project/Sorting (master)
$ git status
On branch master
Changes to be committed:
  (use "git restore --staged <file>..." to unstage)
        new file:   .idea/vcs.xml
        new file:   Bubble sort.pdf

Changes not staged for commit:
  (use "git add <file>..." to update what will be committed)
  (use "git restore <file>..." to discard changes in working directory)
        modified:   src/BubbleSort.java

Untracked files:
  (use "git add <file>..." to include in what will be committed)
        out/


Lenovo@AKSHETISHEREDESKTOP MINGW64 /e/2023_project/Sorting (master)
$ git commit -m "Added the Bubble Sort.pdf file"
[master 2ebbce0] Added the Bubble Sort.pdf file
 2 files changed, 6 insertions(+)
 create mode 100644 .idea/vcs.xml
 create mode 100644 Bubble sort.pdf

Lenovo@AKSHETISHEREDESKTOP MINGW64 /e/2023_project/Sorting (master)
$ git status
On branch master
Changes not staged for commit:
  (use "git add <file>..." to update what will be committed)
  (use "git restore <file>..." to discard changes in working directory)
        modified:   src/BubbleSort.java

Untracked files:
  (use "git add <file>..." to include in what will be committed)
        out/

no changes added to commit (use "git add" and/or "git commit -a")

Lenovo@AKSHETISHEREDESKTOP MINGW64 /e/2023_project/Sorting (master)
$ git log -4 --all --graph
* commit 2ebbce0152e1364611eb098b4b8c0d6bf06403b8 (HEAD -> master)
| Author: AKSHET PATIAL <akshet.patial@gmail.com>
| Date:   Sat Mar 18 13:52:23 2023 +0530
|
|     Added the Bubble Sort.pdf file
|
* commit 682b29c498e2ab20ddb16dd48ed6f825a7e5cf13 (origin/master)
| Author: AKSHET PATIAL <akshet.patial@gmail.com>
| Date:   Sat Mar 18 02:56:49 2023 +0530
|
|     added commands related to initiliazing the git and Creating BubbleSort.java file in commands.txt
|
* commit c2e2d56452861d6ed29f994b616327e7a32707ff
| Author: AKSHET PATIAL <akshet.patial@gmail.com>
| Date:   Sat Mar 18 02:50:03 2023 +0530
|
|     Created the file commands.txt
|
* commit 6240bb8e304cf1c6d1970657a631a45ec6d93398
| Author: AKSHET PATIAL <akshet.patial@gmail.com>
| Date:   Sat Mar 18 02:48:54 2023 +0530
|
|     Created the Directory Sorting and initialize the remote directory

Lenovo@AKSHETISHEREDESKTOP MINGW64 /e/2023_project/Sorting (master)
$ git push origin master
Enumerating objects: 7, done.
Counting objects: 100% (7/7), done.
Delta compression using up to 2 threads
Compressing objects: 100% (5/5), done.
Writing objects: 100% (5/5), 420.44 KiB | 14.50 MiB/s, done.
Total 5 (delta 1), reused 0 (delta 0), pack-reused 0
remote: Resolving deltas: 100% (1/1), completed with 1 local object.
To https://github.com/akshetpatial/Sorting.git
   682b29c..2ebbce0  master -> master

Lenovo@AKSHETISHEREDESKTOP MINGW64 /e/2023_project/Sorting (master)
$ git status
On branch master
Changes not staged for commit:
  (use "git add <file>..." to update what will be committed)
  (use "git restore <file>..." to discard changes in working directory)
        modified:   src/BubbleSort.java

Untracked files:
  (use "git add <file>..." to include in what will be committed)
        out/

no changes added to commit (use "git add" and/or "git commit -a")

Lenovo@AKSHETISHEREDESKTOP MINGW64 /e/2023_project/Sorting (master)
$ git add .

Lenovo@AKSHETISHEREDESKTOP MINGW64 /e/2023_project/Sorting (master)
$ git status
On branch master
Changes to be committed:
  (use "git restore --staged <file>..." to unstage)
        new file:   out/production/Sorting/BubbleSort.class
        modified:   src/BubbleSort.java

Lenovo@AKSHETISHEREDESKTOP MINGW64 /e/2023_project/Sorting (master)
$ git commit -m "Created the Bubble Sort.java file"
[master f80fa10] Created the Bubble Sort.java file
 2 files changed, 55 insertions(+), 1 deletion(-)
 create mode 100644 out/production/Sorting/BubbleSort.class

Lenovo@AKSHETISHEREDESKTOP MINGW64 /e/2023_project/Sorting (master)
$ git status
On branch master
nothing to commit, working tree clean

Lenovo@AKSHETISHEREDESKTOP MINGW64 /e/2023_project/Sorting (master)
$ git log -4 --all --graph
* commit f80fa101605bbce66bd03323ed2661db339fe844 (HEAD -> master)
| Author: AKSHET PATIAL <akshet.patial@gmail.com>
| Date:   Sat Mar 18 13:53:33 2023 +0530
|
|     Created the Bubble Sort.java file
|
* commit 2ebbce0152e1364611eb098b4b8c0d6bf06403b8 (origin/master)
| Author: AKSHET PATIAL <akshet.patial@gmail.com>
| Date:   Sat Mar 18 13:52:23 2023 +0530
|
|     Added the Bubble Sort.pdf file
|
* commit 682b29c498e2ab20ddb16dd48ed6f825a7e5cf13
| Author: AKSHET PATIAL <akshet.patial@gmail.com>
| Date:   Sat Mar 18 02:56:49 2023 +0530
|
|     added commands related to initiliazing the git and Creating BubbleSort.java file in commands.txt
|
* commit c2e2d56452861d6ed29f994b616327e7a32707ff
| Author: AKSHET PATIAL <akshet.patial@gmail.com>
| Date:   Sat Mar 18 02:50:03 2023 +0530
|
|     Created the file commands.txt

Lenovo@AKSHETISHEREDESKTOP MINGW64 /e/2023_project/Sorting (master)
$ git push origin master
Enumerating objects: 11, done.
Counting objects: 100% (11/11), done.
Delta compression using up to 2 threads
Compressing objects: 100% (4/4), done.
Writing objects: 100% (8/8), 2.30 KiB | 336.00 KiB/s, done.
Total 8 (delta 1), reused 0 (delta 0), pack-reused 0
remote: Resolving deltas: 100% (1/1), completed with 1 local object.
To https://github.com/akshetpatial/Sorting.git
   2ebbce0..f80fa10  master -> master

Lenovo@AKSHETISHEREDESKTOP MINGW64 /e/2023_project/Sorting (master)
$ git status
On branch master
Untracked files:
  (use "git add <file>..." to include in what will be committed)
        Insertion Sort.pdf
        Selection sort.pdf
        out/production/Sorting/SelectionSort.class
        src/SelectionSort.java

nothing added to commit but untracked files present (use "git add" to track)

Lenovo@AKSHETISHEREDESKTOP MINGW64 /e/2023_project/Sorting (master)
$ git add Insertion\ Sort.pdf

Lenovo@AKSHETISHEREDESKTOP MINGW64 /e/2023_project/Sorting (master)
$ git commit -m "Added the Insertion Sort.pdf file"
[master 8dd9cbd] Added the Insertion Sort.pdf file
 1 file changed, 0 insertions(+), 0 deletions(-)
 create mode 100644 Insertion Sort.pdf

Lenovo@AKSHETISHEREDESKTOP MINGW64 /e/2023_project/Sorting (master)
$ git status
On branch master
Untracked files:
  (use "git add <file>..." to include in what will be committed)
        Selection sort.pdf
        out/production/Sorting/SelectionSort.class
        src/SelectionSort.java

nothing added to commit but untracked files present (use "git add" to track)

Lenovo@AKSHETISHEREDESKTOP MINGW64 /e/2023_project/Sorting (master)
$ git add S
fatal: pathspec 'S' did not match any files

Lenovo@AKSHETISHEREDESKTOP MINGW64 /e/2023_project/Sorting (master)
$ git ass Selection\ sort.pdf
git: 'ass' is not a git command. See 'git --help'.

The most similar commands are
        add
        askpass
        lfs
        stash

Lenovo@AKSHETISHEREDESKTOP MINGW64 /e/2023_project/Sorting (master)
$ git add Selection\ sort.pdf

Lenovo@AKSHETISHEREDESKTOP MINGW64 /e/2023_project/Sorting (master)
$ git commit -m "Added the Selection Sort.pdf file"
[master 50c05f2] Added the Selection Sort.pdf file
 1 file changed, 0 insertions(+), 0 deletions(-)
 create mode 100644 Selection sort.pdf

Lenovo@AKSHETISHEREDESKTOP MINGW64 /e/2023_project/Sorting (master)
$ git status
On branch master
Untracked files:
  (use "git add <file>..." to include in what will be committed)
        out/production/Sorting/SelectionSort.class
        src/SelectionSort.java

nothing added to commit but untracked files present (use "git add" to track)

Lenovo@AKSHETISHEREDESKTOP MINGW64 /e/2023_project/Sorting (master)
$ git add out/production/Sorting/SelectionSort.class src/SelectionSort.java

Lenovo@AKSHETISHEREDESKTOP MINGW64 /e/2023_project/Sorting (master)
$ git status
On branch master
Changes to be committed:
  (use "git restore --staged <file>..." to unstage)
        new file:   out/production/Sorting/SelectionSort.class
        new file:   src/SelectionSort.java


Lenovo@AKSHETISHEREDESKTOP MINGW64 /e/2023_project/Sorting (master)
$ git commit -m "Created the SelectionSort.java file"
[master 95cdcbc] Created the SelectionSort.java file
 2 files changed, 58 insertions(+)
 create mode 100644 out/production/Sorting/SelectionSort.class
 create mode 100644 src/SelectionSort.java

Lenovo@AKSHETISHEREDESKTOP MINGW64 /e/2023_project/Sorting (master)
$ git status
On branch master
nothing to commit, working tree clean

Lenovo@AKSHETISHEREDESKTOP MINGW64 /e/2023_project/Sorting (master)
$ git log -4 --all --graph
* commit 95cdcbc59c04493e34abcb8d0a8a54b66a7a2342 (HEAD -> master)
| Author: AKSHET PATIAL <akshet.patial@gmail.com>
| Date:   Sat Mar 18 16:02:43 2023 +0530
|
|     Created the SelectionSort.java file
|
* commit 50c05f2116309d71d163932668426142b8f1b575
| Author: AKSHET PATIAL <akshet.patial@gmail.com>
| Date:   Sat Mar 18 16:01:45 2023 +0530
|
|     Added the Selection Sort.pdf file
|
* commit 8dd9cbdbf2795cf4a98ba5ea5b0783739431934c
| Author: AKSHET PATIAL <akshet.patial@gmail.com>
| Date:   Sat Mar 18 16:01:06 2023 +0530
|
|     Added the Insertion Sort.pdf file
|
* commit f80fa101605bbce66bd03323ed2661db339fe844 (origin/master)
| Author: AKSHET PATIAL <akshet.patial@gmail.com>
| Date:   Sat Mar 18 13:53:33 2023 +0530
|
|     Created the Bubble Sort.java file

Lenovo@AKSHETISHEREDESKTOP MINGW64 /e/2023_project/Sorting (master)
$ git push origin master
Enumerating objects: 19, done.
Counting objects: 100% (19/19), done.
Delta compression using up to 2 threads
Compressing objects: 100% (12/12), done.
Writing objects: 100% (14/14), 456.44 KiB | 6.61 MiB/s, done.
Total 14 (delta 3), reused 0 (delta 0), pack-reused 0
remote: Resolving deltas: 100% (3/3), completed with 1 local object.
To https://github.com/akshetpatial/Sorting.git
   f80fa10..95cdcbc  master -> master

Lenovo@AKSHETISHEREDESKTOP MINGW64 /e/2023_project/Sorting (master)
$ git status
On branch master
Changes not staged for commit:
  (use "git add <file>..." to update what will be committed)
  (use "git restore <file>..." to discard changes in working directory)
        modified:   out/production/Sorting/SelectionSort.class
        modified:   src/SelectionSort.java

Untracked files:
  (use "git add <file>..." to include in what will be committed)
        out/production/Sorting/InsertionSort.class
        src/InsertionSort.java

no changes added to commit (use "git add" and/or "git commit -a")

Lenovo@AKSHETISHEREDESKTOP MINGW64 /e/2023_project/Sorting (master)
$ git add out/production/Sorting/SelectionSort.class src/SelectionSort.java

Lenovo@AKSHETISHEREDESKTOP MINGW64 /e/2023_project/Sorting (master)
$ git commit -m "Did some minor changes"
[master 9fbd444] Did some minor changes
 2 files changed, 1 deletion(-)

Lenovo@AKSHETISHEREDESKTOP MINGW64 /e/2023_project/Sorting (master)
$ git status
On branch master
Untracked files:
  (use "git add <file>..." to include in what will be committed)
        out/production/Sorting/InsertionSort.class
        src/InsertionSort.java

nothing added to commit but untracked files present (use "git add" to track)

Lenovo@AKSHETISHEREDESKTOP MINGW64 /e/2023_project/Sorting (master)
$ git add .

Lenovo@AKSHETISHEREDESKTOP MINGW64 /e/2023_project/Sorting (master)
$ git commit -m "Created the InsertionSort.java file"
[master 6f67a4e] Created the InsertionSort.java file
 2 files changed, 52 insertions(+)
 create mode 100644 out/production/Sorting/InsertionSort.class
 create mode 100644 src/InsertionSort.java

Lenovo@AKSHETISHEREDESKTOP MINGW64 /e/2023_project/Sorting (master)
$ git status
On branch master
nothing to commit, working tree clean

Lenovo@AKSHETISHEREDESKTOP MINGW64 /e/2023_project/Sorting (master)
$ git log -4 --all --graph
* commit 6f67a4e6fcf0b0beff6077977a503a9b7cab5d2d (HEAD -> master)
| Author: AKSHET PATIAL <akshet.patial@gmail.com>
| Date:   Sat Mar 18 17:24:04 2023 +0530
|
|     Created the InsertionSort.java file
|
* commit 9fbd44411cedf50df0ab8b1e06bc446c523c03e7
| Author: AKSHET PATIAL <akshet.patial@gmail.com>
| Date:   Sat Mar 18 17:23:26 2023 +0530
|
|     Did some minor changes
|
* commit 95cdcbc59c04493e34abcb8d0a8a54b66a7a2342 (origin/master)
| Author: AKSHET PATIAL <akshet.patial@gmail.com>
| Date:   Sat Mar 18 16:02:43 2023 +0530
|
|     Created the SelectionSort.java file
|
* commit 50c05f2116309d71d163932668426142b8f1b575
| Author: AKSHET PATIAL <akshet.patial@gmail.com>
| Date:   Sat Mar 18 16:01:45 2023 +0530
|
|     Added the Selection Sort.pdf file

Lenovo@AKSHETISHEREDESKTOP MINGW64 /e/2023_project/Sorting (master)
$ git push origin master
Enumerating objects: 23, done.
Counting objects: 100% (23/23), done.
Delta compression using up to 2 threads
Compressing objects: 100% (12/12), done.
Writing objects: 100% (16/16), 3.08 KiB | 451.00 KiB/s, done.
Total 16 (delta 6), reused 0 (delta 0), pack-reused 0
remote: Resolving deltas: 100% (6/6), completed with 3 local objects.
To https://github.com/akshetpatial/Sorting.git
   95cdcbc..6f67a4e  master -> master

Lenovo@AKSHETISHEREDESKTOP MINGW64 /e/2023_project/Sorting (master)
$ git status
On branch master
nothing to commit, working tree clean

Lenovo@AKSHETISHEREDESKTOP MINGW64 /e/2023_project/Sorting (master)
$ git status
On branch master
Changes not staged for commit:
  (use "git add <file>..." to update what will be committed)
  (use "git restore <file>..." to discard changes in working directory)
        modified:   out/production/Sorting/BubbleSort.class
        modified:   out/production/Sorting/InsertionSort.class
        modified:   out/production/Sorting/SelectionSort.class
        modified:   src/BubbleSort.java
        modified:   src/InsertionSort.java
        modified:   src/SelectionSort.java

Untracked files:
  (use "git add <file>..." to include in what will be committed)
        Cyclic Sort.pdf
        out/production/Sorting/CyclicSort.class
        src/CyclicSort.java

no changes added to commit (use "git add" and/or "git commit -a")

Lenovo@AKSHETISHEREDESKTOP MINGW64 /e/2023_project/Sorting (master)
$ git add Cyclic\ Sort.pdf

Lenovo@AKSHETISHEREDESKTOP MINGW64 /e/2023_project/Sorting (master)
$ git commit -m "Added Cyclic Sort.pdf file"
[master 055f06d] Added Cyclic Sort.pdf file
 1 file changed, 0 insertions(+), 0 deletions(-)
 create mode 100644 Cyclic Sort.pdf

Lenovo@AKSHETISHEREDESKTOP MINGW64 /e/2023_project/Sorting (master)
$ git add out/production/Sorting/CyclicSort.class src/CyclicSort.java

Lenovo@AKSHETISHEREDESKTOP MINGW64 /e/2023_project/Sorting (master)
$ git commit -m "Created CyclicSort.java file"
[master fc39365] Created CyclicSort.java file
 2 files changed, 54 insertions(+)
 create mode 100644 out/production/Sorting/CyclicSort.class
 create mode 100644 src/CyclicSort.java

Lenovo@AKSHETISHEREDESKTOP MINGW64 /e/2023_project/Sorting (master)
$ git add out/production/Sorting/BubbleSort.class src/BubbleSort.java

Lenovo@AKSHETISHEREDESKTOP MINGW64 /e/2023_project/Sorting (master)
$ git commit -m "Added comments related to the time and space complexity"
[master a144464] Added comments related to the time and space complexity
 2 files changed, 3 insertions(+), 1 deletion(-)

Lenovo@AKSHETISHEREDESKTOP MINGW64 /e/2023_project/Sorting (master)
$ git add out/production/Sorting/InsertionSort.class src/InsertionSort.java

Lenovo@AKSHETISHEREDESKTOP MINGW64 /e/2023_project/Sorting (master)
$ git add .

Lenovo@AKSHETISHEREDESKTOP MINGW64 /e/2023_project/Sorting (master)
$ git commit -m "Added comments related to the time and space complexity"
[master 6cd212e] Added comments related to the time and space complexity
 4 files changed, 6 insertions(+)

Lenovo@AKSHETISHEREDESKTOP MINGW64 /e/2023_project/Sorting (master)
$ git status
On branch master
nothing to commit, working tree clean

Lenovo@AKSHETISHEREDESKTOP MINGW64 /e/2023_project/Sorting (master)
$ git log -5 --all --graph
* commit 6cd212e029cb7b994054092036057c556dcf2328 (HEAD -> master)
| Author: AKSHET PATIAL <akshet.patial@gmail.com>
| Date:   Sat Mar 18 19:46:51 2023 +0530
|
|     Added comments related to the time and space complexity
|
* commit a144464924f3e13bc93c2a4d103fba86bf67deaf
| Author: AKSHET PATIAL <akshet.patial@gmail.com>
| Date:   Sat Mar 18 19:46:06 2023 +0530
|
|     Added comments related to the time and space complexity
|
* commit fc393658049b20b2f30d1b1797cb16b53a654997
| Author: AKSHET PATIAL <akshet.patial@gmail.com>
| Date:   Sat Mar 18 19:45:18 2023 +0530
|
|     Created CyclicSort.java file
|
* commit 055f06de6651d79f3b3edccaff8321ed21c36845
| Author: AKSHET PATIAL <akshet.patial@gmail.com>
| Date:   Sat Mar 18 19:44:22 2023 +0530
|
|     Added Cyclic Sort.pdf file
|
* commit c62b3e9cd92d0093bb5a411552f139f333cc640a (origin/master)
| Author: AKSHET PATIAL <akshet.patial@gmail.com>
| Date:   Sat Mar 18 17:53:25 2023 +0530
|
|     Did some minor changes in the comments

Lenovo@AKSHETISHEREDESKTOP MINGW64 /e/2023_project/Sorting (master)
$ git push origin master
Enumerating objects: 40, done.
Counting objects: 100% (40/40), done.
Delta compression using up to 2 threads
Compressing objects: 100% (23/23), done.
Writing objects: 100% (29/29), 406.55 KiB | 4.11 MiB/s, done.
Total 29 (delta 14), reused 0 (delta 0), pack-reused 0
remote: Resolving deltas: 100% (14/14), completed with 7 local objects.
To https://github.com/akshetpatial/Sorting.git
   c62b3e9..6cd212e  master -> master


Lenovo@AKSHETISHEREDESKTOP MINGW64 /e/2023_project/Sorting (master)
$ git status
On branch master
Changes not staged for commit:
  (use "git add <file>..." to update what will be committed)
  (use "git restore <file>..." to discard changes in working directory)
        modified:   out/production/Sorting/BubbleSort.class
        modified:   out/production/Sorting/CyclicSort.class
        modified:   out/production/Sorting/InsertionSort.class
        modified:   out/production/Sorting/SelectionSort.class

Untracked files:
  (use "git add <file>..." to include in what will be committed)
        out/production/Sorting/MissingNumber.class
        src/MissingNumber.java

no changes added to commit (use "git add" and/or "git commit -a")

Lenovo@AKSHETISHEREDESKTOP MINGW64 /e/2023_project/Sorting (master)
$ git add out/production/Sorting/BubbleSort.class out/production/Sorting/CyclicSort.class out/production/Sorting/InsertionSort.class out/production/Sorting/SelectionSort.class

Lenovo@AKSHETISHEREDESKTOP MINGW64 /e/2023_project/Sorting (master)
$ git commit -m "minor changes"
[master eadc952] minor changes
 4 files changed, 0 insertions(+), 0 deletions(-)

Lenovo@AKSHETISHEREDESKTOP MINGW64 /e/2023_project/Sorting (master)
$ git status
On branch master
Untracked files:
  (use "git add <file>..." to include in what will be committed)
        out/production/Sorting/MissingNumber.class
        src/MissingNumber.java

nothing added to commit but untracked files present (use "git add" to track)

Lenovo@AKSHETISHEREDESKTOP MINGW64 /e/2023_project/Sorting (master)
$ git add .

Lenovo@AKSHETISHEREDESKTOP MINGW64 /e/2023_project/Sorting (master)
$ git commit -m "Created the MissingNUmber.java file"
git [master a1343dd] Created the MissingNUmber.java file
 2 files changed, 72 insertions(+)
 create mode 100644 out/production/Sorting/MissingNumber.class
 create mode 100644 src/MissingNumber.java

Lenovo@AKSHETISHEREDESKTOP MINGW64 /e/2023_project/Sorting (master)
$ git status
On branch master
nothing to commit, working tree clean

Lenovo@AKSHETISHEREDESKTOP MINGW64 /e/2023_project/Sorting (master)
$ git log -5 --all --grpah
fatal: unrecognized argument: --grpah

Lenovo@AKSHETISHEREDESKTOP MINGW64 /e/2023_project/Sorting (master)
$ git log -5 --all --graph
* commit a1343dd29b6d8f4c8ab5e8c72bc63c042101d29e (HEAD -> master)
| Author: AKSHET PATIAL <akshet.patial@gmail.com>
| Date:   Sun Mar 19 01:38:05 2023 +0530
|
|     Created the MissingNUmber.java file
|
* commit eadc952ec536c0bee24712235f86c7f52caac1df
| Author: AKSHET PATIAL <akshet.patial@gmail.com>
| Date:   Sun Mar 19 01:37:37 2023 +0530
|
|     minor changes
|
* commit d88ff069b830c05e829d482120658c47dbf3ea1d (origin/master)
| Author: AKSHET PATIAL <akshet.patial@gmail.com>
| Date:   Sat Mar 18 19:50:52 2023 +0530
|
|     Added commands related to Cyclic sort
|
* commit 6cd212e029cb7b994054092036057c556dcf2328
| Author: AKSHET PATIAL <akshet.patial@gmail.com>
| Date:   Sat Mar 18 19:46:51 2023 +0530
|
|     Added comments related to the time and space complexity
|
* commit a144464924f3e13bc93c2a4d103fba86bf67deaf
| Author: AKSHET PATIAL <akshet.patial@gmail.com>
| Date:   Sat Mar 18 19:46:06 2023 +0530
|
|     Added comments related to the time and space complexity

Lenovo@AKSHETISHEREDESKTOP MINGW64 /e/2023_project/Sorting (master)
$ git push origin master
Enumerating objects: 26, done.
Counting objects: 100% (26/26), done.
Delta compression using up to 2 threads
Compressing objects: 100% (13/13), done.
Writing objects: 100% (17/17), 2.96 KiB | 168.00 KiB/s, done.
Total 17 (delta 9), reused 0 (delta 0), pack-reused 0
remote: Resolving deltas: 100% (9/9), completed with 6 local objects.
To https://github.com/akshetpatial/Sorting.git
   d88ff06..a1343dd  master -> master


$ git status
On branch master
Changes not staged for commit:
  (use "git add <file>..." to update what will be committed)
  (use "git restore <file>..." to discard changes in working directory)
        modified:   out/production/Sorting/CyclicSort.class
        modified:   out/production/Sorting/MissingNumber.class
        modified:   src/CyclicSort.java
        modified:   src/MissingNumber.java

Untracked files:
  (use "git add <file>..." to include in what will be committed)
        out/production/Sorting/NumbersDisappearedinArray.class
        src/NumbersDisappearedinArray.java

no changes added to commit (use "git add" and/or "git commit -a")

Lenovo@AKSHETISHEREDESKTOP MINGW64 /e/2023_project/Sorting (master)
$ git add out/production/Sorting/CyclicSort.class src/CyclicSort.java

Lenovo@AKSHETISHEREDESKTOP MINGW64 /e/2023_project/Sorting (master)
$ git commit -m "added one more way to do Cyclic Sort"
[master 20e5081] added one more way to do Cyclic Sort
 2 files changed, 8 insertions(+), 1 deletion(-)

Lenovo@AKSHETISHEREDESKTOP MINGW64 /e/2023_project/Sorting (master)
$ git add out/production/Sorting/MissingNumber.class src/MissingNumber.java

Lenovo@AKSHETISHEREDESKTOP MINGW64 /e/2023_project/Sorting (master)
$ git commit -m "did some minor changes"
[master 666b094] did some minor changes
 2 files changed, 1 deletion(-)
 rewrite out/production/Sorting/MissingNumber.class (65%)

Lenovo@AKSHETISHEREDESKTOP MINGW64 /e/2023_project/Sorting (master)
$ git add out/production/Sorting/NumbersDisappearedinArray.class src/NumbersDisappearedinArray.java

Lenovo@AKSHETISHEREDESKTOP MINGW64 /e/2023_project/Sorting (master)
$ git commit -m "Added NumberDisappeardinArray.java"
[master 77ea0ad] Added NumberDisappeardinArray.java
 2 files changed, 103 insertions(+)
 create mode 100644 out/production/Sorting/NumbersDisappearedinArray.class
 create mode 100644 src/NumbersDisappearedinArray.java

Lenovo@AKSHETISHEREDESKTOP MINGW64 /e/2023_project/Sorting (master)
$ git status
On branch master
nothing to commit, working tree clean

Lenovo@AKSHETISHEREDESKTOP MINGW64 /e/2023_project/Sorting (master)
$ git log -4 --all --graph
* commit 77ea0ad072f390ac0e1c471d63a7610b04d1da9f (HEAD -> master)
| Author: AKSHET PATIAL <akshet.patial@gmail.com>
| Date:   Sun Mar 19 13:13:16 2023 +0530
|
|     Added NumberDisappeardinArray.java
|
* commit 666b09402ae2a4279672aaec14d585462d2cf9e6
| Author: AKSHET PATIAL <akshet.patial@gmail.com>
| Date:   Sun Mar 19 13:12:36 2023 +0530
|
|     did some minor changes
|
* commit 20e508162a6696d0a708e156398b09e429c0a858
| Author: AKSHET PATIAL <akshet.patial@gmail.com>
| Date:   Sun Mar 19 13:11:08 2023 +0530
|
|     added one more way to do Cyclic Sort
|
* commit 0af5abf933aa8eee490c8f7e9f5ebed7b9dfa0ec (origin/master)
| Author: AKSHET PATIAL <akshet.patial@gmail.com>
| Date:   Sun Mar 19 01:42:13 2023 +0530
|
|     added commands related to MissingNumber

Lenovo@AKSHETISHEREDESKTOP MINGW64 /e/2023_project/Sorting (master)
$ git push origin master
Enumerating objects: 33, done.
Counting objects: 100% (33/33), done.
Delta compression using up to 2 threads
Compressing objects: 100% (18/18), done.
Writing objects: 100% (24/24), 5.32 KiB | 363.00 KiB/s, done.
Total 24 (delta 11), reused 0 (delta 0), pack-reused 0
remote: Resolving deltas: 100% (11/11), completed with 5 local objects.
To https://github.com/akshetpatial/Sorting.git
   0af5abf..77ea0ad  master -> master



Lenovo@AKSHETISHEREDESKTOP MINGW64 /e/2023_project/Sorting (master)
$ git status
On branch master
Changes not staged for commit:
  (use "git add <file>..." to update what will be committed)
  (use "git restore <file>..." to discard changes in working directory)
        modified:   out/production/Sorting/NumbersDisappearedinArray.class

Untracked files:
  (use "git add <file>..." to include in what will be committed)
        out/production/Sorting/FirstMissingPositive.class
        src/FirstMissingPositive.java

no changes added to commit (use "git add" and/or "git commit -a")

Lenovo@AKSHETISHEREDESKTOP MINGW64 /e/2023_project/Sorting (master)
$ git add out/production/Sorting/NumbersDisappearedinArray.class

Lenovo@AKSHETISHEREDESKTOP MINGW64 /e/2023_project/Sorting (master)
$ git commit -m "Minor change"
[master 492f506] Minor change
 1 file changed, 0 insertions(+), 0 deletions(-)

Lenovo@AKSHETISHEREDESKTOP MINGW64 /e/2023_project/Sorting (master)
$ git add .

Lenovo@AKSHETISHEREDESKTOP MINGW64 /e/2023_project/Sorting (master)
$ git commit -m "NumberDisappearedArray.java file"
[master 82c4eb3] NumberDisappearedArray.java file
 2 files changed, 63 insertions(+)
 create mode 100644 out/production/Sorting/FirstMissingPositive.class
 create mode 100644 src/FirstMissingPositive.java

Lenovo@AKSHETISHEREDESKTOP MINGW64 /e/2023_project/Sorting (master)
$ git status
On branch master
nothing to commit, working tree clean

Lenovo@AKSHETISHEREDESKTOP MINGW64 /e/2023_project/Sorting (master)
$ git log -4 --all --graph
* commit 82c4eb3be43dbf0e11decf7e880823e1f3402ff3 (HEAD -> master)
| Author: AKSHET PATIAL <akshet.patial@gmail.com>
| Date:   Mon Mar 20 13:36:57 2023 +0530
|
|     NumberDisappearedArray.java file
|
* commit 492f506acb803f6d7bbacf30cb368b36184b86d4
| Author: AKSHET PATIAL <akshet.patial@gmail.com>
| Date:   Mon Mar 20 13:36:12 2023 +0530
|
|     Minor change
|
* commit 19be9a2b9c5e7b2097d90224e1e452d78658e2f2 (origin/master)
| Author: AKSHET PATIAL <akshet.patial@gmail.com>
| Date:   Sun Mar 19 13:14:46 2023 +0530
|
|     Added commands related to MissingNumber and Disappear Numbers
|
* commit 77ea0ad072f390ac0e1c471d63a7610b04d1da9f
| Author: AKSHET PATIAL <akshet.patial@gmail.com>
| Date:   Sun Mar 19 13:13:16 2023 +0530
|
|     Added NumberDisappeardinArray.java

Lenovo@AKSHETISHEREDESKTOP MINGW64 /e/2023_project/Sorting (master)
$ git push origin master
Enumerating objects: 20, done.
Counting objects: 100% (20/20), done.
Delta compression using up to 2 threads
Compressing objects: 100% (10/10), done.
Writing objects: 100% (14/14), 2.96 KiB | 126.00 KiB/s, done.
Total 14 (delta 6), reused 0 (delta 0), pack-reused 0
remote: Resolving deltas: 100% (6/6), completed with 4 local objects.
To https://github.com/akshetpatial/Sorting.git
   19be9a2..82c4eb3  master -> master

