
Lenovo@AKSHETISHEREDESKTOP MINGW64 /e/2023_project/Sorting
$ git
usage: git [--version] [--help] [-C <path>] [-c <name>=<value>]
           [--exec-path[=<path>]] [--html-path] [--man-path] [--info-path]
           [-p | --paginate | -P | --no-pager] [--no-replace-objects] [--bare]
           [--git-dir=<path>] [--work-tree=<path>] [--namespace=<name>]
           <command> [<args>]

These are common Git commands used in various situations:

start a working area (see also: git help tutorial)
   clone             Clone a repository into a new directory
   init              Create an empty Git repository or reinitialize an existing one

work on the current change (see also: git help everyday)
   add               Add file contents to the index
   mv                Move or rename a file, a directory, or a symlink
   restore           Restore working tree files
   rm                Remove files from the working tree and from the index
   sparse-checkout   Initialize and modify the sparse-checkout

examine the history and state (see also: git help revisions)
   bisect            Use binary search to find the commit that introduced a bug
   diff              Show changes between commits, commit and working tree, etc
   grep              Print lines matching a pattern
   log               Show commit logs
   show              Show various types of objects
   status            Show the working tree status

grow, mark and tweak your common history
   branch            List, create, or delete branches
   commit            Record changes to the repository
   merge             Join two or more development histories together
   rebase            Reapply commits on top of another base tip
   reset             Reset current HEAD to the specified state
   switch            Switch branches
   tag               Create, list, delete or verify a tag object signed with GPG

collaborate (see also: git help workflows)
   fetch             Download objects and refs from another repository
   pull              Fetch from and integrate with another repository or a local branch
   push              Update remote refs along with associated objects

'git help -a' and 'git help -g' list available subcommands and some
concept guides. See 'git help <command>' or 'git help <concept>'
to read about a specific subcommand or concept.
See 'git help git' for an overview of the system.

Lenovo@AKSHETISHEREDESKTOP MINGW64 /e/2023_project/Sorting
$ git init
Initialized empty Git repository in E:/2023_project/Sorting/.git/

Lenovo@AKSHETISHEREDESKTOP MINGW64 /e/2023_project/Sorting (master)
$ git status
On branch master

No commits yet

Untracked files:
  (use "git add <file>..." to include in what will be committed)
        .idea/
        Sorting.iml
        src/

nothing added to commit but untracked files present (use "git add" to track)

Lenovo@AKSHETISHEREDESKTOP MINGW64 /e/2023_project/Sorting (master)
$ git -v
unknown option: -v
usage: git [--version] [--help] [-C <path>] [-c <name>=<value>]
           [--exec-path[=<path>]] [--html-path] [--man-path] [--info-path]
           [-p | --paginate | -P | --no-pager] [--no-replace-objects] [--bare]
           [--git-dir=<path>] [--work-tree=<path>] [--namespace=<name>]
           <command> [<args>]

Lenovo@AKSHETISHEREDESKTOP MINGW64 /e/2023_project/Sorting (master)
$ git --v
unknown option: --v
usage: git [--version] [--help] [-C <path>] [-c <name>=<value>]
           [--exec-path[=<path>]] [--html-path] [--man-path] [--info-path]
           [-p | --paginate | -P | --no-pager] [--no-replace-objects] [--bare]
           [--git-dir=<path>] [--work-tree=<path>] [--namespace=<name>]
           <command> [<args>]

Lenovo@AKSHETISHEREDESKTOP MINGW64 /e/2023_project/Sorting (master)
$ git remote -v

Lenovo@AKSHETISHEREDESKTOP MINGW64 /e/2023_project/Sorting (master)
$ git remote add origin https://github.com/akshetpatial/Sorting.git

Lenovo@AKSHETISHEREDESKTOP MINGW64 /e/2023_project/Sorting (master)
$ git remote -v
origin  https://github.com/akshetpatial/Sorting.git (fetch)
origin  https://github.com/akshetpatial/Sorting.git (push)

Lenovo@AKSHETISHEREDESKTOP MINGW64 /e/2023_project/Sorting (master)
$ git fetch origin master
fatal: couldn't find remote ref master

Lenovo@AKSHETISHEREDESKTOP MINGW64 /e/2023_project/Sorting (master)
$ git fetch origin main
remote: Enumerating objects: 3, done.
remote: Counting objects: 100% (3/3), done.
remote: Total 3 (delta 0), reused 0 (delta 0), pack-reused 0
Unpacking objects: 100% (3/3), 614 bytes | 4.00 KiB/s, done.
From https://github.com/akshetpatial/Sorting
 * branch            main       -> FETCH_HEAD
 * [new branch]      main       -> origin/main

Lenovo@AKSHETISHEREDESKTOP MINGW64 /e/2023_project/Sorting (master)
$ git status
On branch master

No commits yet

Untracked files:
  (use "git add <file>..." to include in what will be committed)
        .idea/
        Sorting.iml
        src/

nothing added to commit but untracked files present (use "git add" to track)

Lenovo@AKSHETISHEREDESKTOP MINGW64 /e/2023_project/Sorting (master)
$ git log -4 --all --graph
* commit d3a91f09d73e3b43ca02f75a36254ac0e50c0c31 (origin/main)
  Author: AKSHET PATIAL <44276149+akshetpatial@users.noreply.github.com>
  Date:   Sat Mar 18 02:41:30 2023 +0530

      Initial commit

Lenovo@AKSHETISHEREDESKTOP MINGW64 /e/2023_project/Sorting (master)
$ git merge origin/master
merge: origin/master - not something we can merge

Lenovo@AKSHETISHEREDESKTOP MINGW64 /e/2023_project/Sorting (master)
$ git merge origin/main

Lenovo@AKSHETISHEREDESKTOP MINGW64 /e/2023_project/Sorting (master)
$ git add .

Lenovo@AKSHETISHEREDESKTOP MINGW64 /e/2023_project/Sorting (master)
$ git log -4 --all --graph
* commit d3a91f09d73e3b43ca02f75a36254ac0e50c0c31 (HEAD -> master, origin/main)
  Author: AKSHET PATIAL <44276149+akshetpatial@users.noreply.github.com>
  Date:   Sat Mar 18 02:41:30 2023 +0530

      Initial commit

Lenovo@AKSHETISHEREDESKTOP MINGW64 /e/2023_project/Sorting (master)
$ git status
On branch master
Changes to be committed:
  (use "git restore --staged <file>..." to unstage)
        new file:   .idea/.gitignore
        new file:   .idea/misc.xml
        new file:   .idea/modules.xml
        new file:   Sorting.iml
        new file:   src/BubbleSort.java


Lenovo@AKSHETISHEREDESKTOP MINGW64 /e/2023_project/Sorting (master)
$ git commit -m "Created the Directory Sorting and initialize the remote directory"
[master 6240bb8] Created the Directory Sorting and initialize the remote directory
 5 files changed, 32 insertions(+)
 create mode 100644 .idea/.gitignore
 create mode 100644 .idea/misc.xml
 create mode 100644 .idea/modules.xml
 create mode 100644 Sorting.iml
 create mode 100644 src/BubbleSort.java

Lenovo@AKSHETISHEREDESKTOP MINGW64 /e/2023_project/Sorting (master)
$ git status
On branch master
nothing to commit, working tree clean

Lenovo@AKSHETISHEREDESKTOP MINGW64 /e/2023_project/Sorting (master)
$ git log -4 --all --graph
* commit 6240bb8e304cf1c6d1970657a631a45ec6d93398 (HEAD -> master)
| Author: AKSHET PATIAL <akshet.patial@gmail.com>
| Date:   Sat Mar 18 02:48:54 2023 +0530
|
|     Created the Directory Sorting and initialize the remote directory
|
* commit d3a91f09d73e3b43ca02f75a36254ac0e50c0c31 (origin/main)
  Author: AKSHET PATIAL <44276149+akshetpatial@users.noreply.github.com>
  Date:   Sat Mar 18 02:41:30 2023 +0530

      Initial commit

Lenovo@AKSHETISHEREDESKTOP MINGW64 /e/2023_project/Sorting (master)
$ git push origin master
Enumerating objects: 10, done.
Counting objects: 100% (10/10), done.
Delta compression using up to 2 threads
Compressing objects: 100% (6/6), done.
Writing objects: 100% (9/9), 1.24 KiB | 422.00 KiB/s, done.
Total 9 (delta 0), reused 0 (delta 0), pack-reused 0
remote:
remote: Create a pull request for 'master' on GitHub by visiting:
remote:      https://github.com/akshetpatial/Sorting/pull/new/master
remote:
To https://github.com/akshetpatial/Sorting.git
 * [new branch]      master -> master

Lenovo@AKSHETISHEREDESKTOP MINGW64 /e/2023_project/Sorting (master)
$ touch commands.txt

Lenovo@AKSHETISHEREDESKTOP MINGW64 /e/2023_project/Sorting (master)
$ git status
On branch master
Untracked files:
  (use "git add <file>..." to include in what will be committed)
        commands.txt

nothing added to commit but untracked files present (use "git add" to track)

Lenovo@AKSHETISHEREDESKTOP MINGW64 /e/2023_project/Sorting (master)
$ git add .

Lenovo@AKSHETISHEREDESKTOP MINGW64 /e/2023_project/Sorting (master)
$ git status
On branch master
Changes to be committed:
  (use "git restore --staged <file>..." to unstage)
        new file:   commands.txt


Lenovo@AKSHETISHEREDESKTOP MINGW64 /e/2023_project/Sorting (master)
$ git commit -m "Created the file commands.txt"
[master c2e2d56] Created the file commands.txt
 1 file changed, 0 insertions(+), 0 deletions(-)
 create mode 100644 commands.txt

Lenovo@AKSHETISHEREDESKTOP MINGW64 /e/2023_project/Sorting (master)
$ git status
On branch master
nothing to commit, working tree clean

Lenovo@AKSHETISHEREDESKTOP MINGW64 /e/2023_project/Sorting (master)
$ git log -4 --all --graph
* commit c2e2d56452861d6ed29f994b616327e7a32707ff (HEAD -> master)
| Author: AKSHET PATIAL <akshet.patial@gmail.com>
| Date:   Sat Mar 18 02:50:03 2023 +0530
|
|     Created the file commands.txt
|
* commit 6240bb8e304cf1c6d1970657a631a45ec6d93398 (origin/master)
| Author: AKSHET PATIAL <akshet.patial@gmail.com>
| Date:   Sat Mar 18 02:48:54 2023 +0530
|
|     Created the Directory Sorting and initialize the remote directory
|
* commit d3a91f09d73e3b43ca02f75a36254ac0e50c0c31 (origin/main)
  Author: AKSHET PATIAL <44276149+akshetpatial@users.noreply.github.com>
  Date:   Sat Mar 18 02:41:30 2023 +0530

      Initial commit

Lenovo@AKSHETISHEREDESKTOP MINGW64 /e/2023_project/Sorting (master)
$ git log -4 --all --graph
* commit c2e2d56452861d6ed29f994b616327e7a32707ff (HEAD -> master)
| Author: AKSHET PATIAL <akshet.patial@gmail.com>
| Date:   Sat Mar 18 02:50:03 2023 +0530
|
|     Created the file commands.txt
|
* commit 6240bb8e304cf1c6d1970657a631a45ec6d93398 (origin/master)
| Author: AKSHET PATIAL <akshet.patial@gmail.com>
| Date:   Sat Mar 18 02:48:54 2023 +0530
|
|     Created the Directory Sorting and initialize the remote directory
|
* commit d3a91f09d73e3b43ca02f75a36254ac0e50c0c31 (origin/main)
  Author: AKSHET PATIAL <44276149+akshetpatial@users.noreply.github.com>
  Date:   Sat Mar 18 02:41:30 2023 +0530

      Initial commit

Lenovo@AKSHETISHEREDESKTOP MINGW64 /e/2023_project/Sorting (master)
$ git push origin master
Enumerating objects: 4, done.
Counting objects: 100% (4/4), done.
Delta compression using up to 2 threads
Compressing objects: 100% (2/2), done.
Writing objects: 100% (3/3), 303 bytes | 303.00 KiB/s, done.
Total 3 (delta 1), reused 0 (delta 0), pack-reused 0
remote: Resolving deltas: 100% (1/1), completed with 1 local object.
To https://github.com/akshetpatial/Sorting.git
   6240bb8..c2e2d56  master -> master

Lenovo@AKSHETISHEREDESKTOP MINGW64 /e/2023_project/Sorting (master)
$ git log -4 --all --graph
* commit c2e2d56452861d6ed29f994b616327e7a32707ff (HEAD -> master, origin/master)
| Author: AKSHET PATIAL <akshet.patial@gmail.com>
| Date:   Sat Mar 18 02:50:03 2023 +0530
|
|     Created the file commands.txt
|
* commit 6240bb8e304cf1c6d1970657a631a45ec6d93398
| Author: AKSHET PATIAL <akshet.patial@gmail.com>
| Date:   Sat Mar 18 02:48:54 2023 +0530
|
|     Created the Directory Sorting and initialize the remote directory
|
* commit d3a91f09d73e3b43ca02f75a36254ac0e50c0c31 (origin/main)
  Author: AKSHET PATIAL <44276149+akshetpatial@users.noreply.github.com>
  Date:   Sat Mar 18 02:41:30 2023 +0530

      Initial commit

Lenovo@AKSHETISHEREDESKTOP MINGW64 /e/2023_project/Sorting (master)
$ git log -4 --all --graph
* commit c2e2d56452861d6ed29f994b616327e7a32707ff (HEAD -> master, origin/master)
| Author: AKSHET PATIAL <akshet.patial@gmail.com>
| Date:   Sat Mar 18 02:50:03 2023 +0530
|
|     Created the file commands.txt
|
* commit 6240bb8e304cf1c6d1970657a631a45ec6d93398
| Author: AKSHET PATIAL <akshet.patial@gmail.com>
| Date:   Sat Mar 18 02:48:54 2023 +0530
|
|     Created the Directory Sorting and initialize the remote directory
|
* commit d3a91f09d73e3b43ca02f75a36254ac0e50c0c31 (origin/main)
  Author: AKSHET PATIAL <44276149+akshetpatial@users.noreply.github.com>
  Date:   Sat Mar 18 02:41:30 2023 +0530

      Initial commit

Lenovo@AKSHETISHEREDESKTOP MINGW64 /e/2023_project/Sorting (master)
$ git pull origin master
From https://github.com/akshetpatial/Sorting
 * branch            master     -> FETCH_HEAD
Already up to date.

Lenovo@AKSHETISHEREDESKTOP MINGW64 /e/2023_project/Sorting (master)
$ git log -4 --all --graph
* commit c2e2d56452861d6ed29f994b616327e7a32707ff (HEAD -> master, origin/master)
| Author: AKSHET PATIAL <akshet.patial@gmail.com>
| Date:   Sat Mar 18 02:50:03 2023 +0530
|
|     Created the file commands.txt
|
* commit 6240bb8e304cf1c6d1970657a631a45ec6d93398
| Author: AKSHET PATIAL <akshet.patial@gmail.com>
| Date:   Sat Mar 18 02:48:54 2023 +0530
|
|     Created the Directory Sorting and initialize the remote directory
|
* commit d3a91f09d73e3b43ca02f75a36254ac0e50c0c31 (origin/main)
  Author: AKSHET PATIAL <44276149+akshetpatial@users.noreply.github.com>
  Date:   Sat Mar 18 02:41:30 2023 +0530

      Initial commit



